Archive member included to satisfy reference by file (symbol)

/opt/st/stm32cubeide_1.13.1/plugins/com.st.stm32cube.ide.mcu.externaltools.gnu-tools-for-stm32.11.3.rel1.linux64_1.1.0.202305231506/tools/bin/../lib/gcc/arm-none-eabi/11.3.1/../../../../arm-none-eabi/lib/thumb/v6-m/nofp/libc_nano.a(libc_a-exit.o)
                              /opt/st/stm32cubeide_1.13.1/plugins/com.st.stm32cube.ide.mcu.externaltools.gnu-tools-for-stm32.11.3.rel1.linux64_1.1.0.202305231506/tools/bin/../lib/gcc/arm-none-eabi/11.3.1/../../../../arm-none-eabi/lib/thumb/v6-m/nofp/crt0.o (exit)
/opt/st/stm32cubeide_1.13.1/plugins/com.st.stm32cube.ide.mcu.externaltools.gnu-tools-for-stm32.11.3.rel1.linux64_1.1.0.202305231506/tools/bin/../lib/gcc/arm-none-eabi/11.3.1/../../../../arm-none-eabi/lib/thumb/v6-m/nofp/libc_nano.a(libc_a-findfp.o)
                              /opt/st/stm32cubeide_1.13.1/plugins/com.st.stm32cube.ide.mcu.externaltools.gnu-tools-for-stm32.11.3.rel1.linux64_1.1.0.202305231506/tools/bin/../lib/gcc/arm-none-eabi/11.3.1/../../../../arm-none-eabi/lib/thumb/v6-m/nofp/libc_nano.a(libc_a-exit.o) (__stdio_exit_handler)
/opt/st/stm32cubeide_1.13.1/plugins/com.st.stm32cube.ide.mcu.externaltools.gnu-tools-for-stm32.11.3.rel1.linux64_1.1.0.202305231506/tools/bin/../lib/gcc/arm-none-eabi/11.3.1/../../../../arm-none-eabi/lib/thumb/v6-m/nofp/libc_nano.a(libc_a-fwalk.o)
                              /opt/st/stm32cubeide_1.13.1/plugins/com.st.stm32cube.ide.mcu.externaltools.gnu-tools-for-stm32.11.3.rel1.linux64_1.1.0.202305231506/tools/bin/../lib/gcc/arm-none-eabi/11.3.1/../../../../arm-none-eabi/lib/thumb/v6-m/nofp/libc_nano.a(libc_a-findfp.o) (_fwalk_sglue)
/opt/st/stm32cubeide_1.13.1/plugins/com.st.stm32cube.ide.mcu.externaltools.gnu-tools-for-stm32.11.3.rel1.linux64_1.1.0.202305231506/tools/bin/../lib/gcc/arm-none-eabi/11.3.1/../../../../arm-none-eabi/lib/thumb/v6-m/nofp/libc_nano.a(libc_a-stdio.o)
                              /opt/st/stm32cubeide_1.13.1/plugins/com.st.stm32cube.ide.mcu.externaltools.gnu-tools-for-stm32.11.3.rel1.linux64_1.1.0.202305231506/tools/bin/../lib/gcc/arm-none-eabi/11.3.1/../../../../arm-none-eabi/lib/thumb/v6-m/nofp/libc_nano.a(libc_a-findfp.o) (__sread)
/opt/st/stm32cubeide_1.13.1/plugins/com.st.stm32cube.ide.mcu.externaltools.gnu-tools-for-stm32.11.3.rel1.linux64_1.1.0.202305231506/tools/bin/../lib/gcc/arm-none-eabi/11.3.1/../../../../arm-none-eabi/lib/thumb/v6-m/nofp/libc_nano.a(libc_a-memcmp.o)
                              ./Core/Src/nanomodbus.o (memcmp)
/opt/st/stm32cubeide_1.13.1/plugins/com.st.stm32cube.ide.mcu.externaltools.gnu-tools-for-stm32.11.3.rel1.linux64_1.1.0.202305231506/tools/bin/../lib/gcc/arm-none-eabi/11.3.1/../../../../arm-none-eabi/lib/thumb/v6-m/nofp/libc_nano.a(libc_a-memset.o)
                              /opt/st/stm32cubeide_1.13.1/plugins/com.st.stm32cube.ide.mcu.externaltools.gnu-tools-for-stm32.11.3.rel1.linux64_1.1.0.202305231506/tools/bin/../lib/gcc/arm-none-eabi/11.3.1/../../../../arm-none-eabi/lib/thumb/v6-m/nofp/crt0.o (memset)
/opt/st/stm32cubeide_1.13.1/plugins/com.st.stm32cube.ide.mcu.externaltools.gnu-tools-for-stm32.11.3.rel1.linux64_1.1.0.202305231506/tools/bin/../lib/gcc/arm-none-eabi/11.3.1/../../../../arm-none-eabi/lib/thumb/v6-m/nofp/libc_nano.a(libc_a-strncpy.o)
                              ./Core/Src/nanomodbus.o (strncpy)
/opt/st/stm32cubeide_1.13.1/plugins/com.st.stm32cube.ide.mcu.externaltools.gnu-tools-for-stm32.11.3.rel1.linux64_1.1.0.202305231506/tools/bin/../lib/gcc/arm-none-eabi/11.3.1/../../../../arm-none-eabi/lib/thumb/v6-m/nofp/libc_nano.a(libc_a-closer.o)
                              /opt/st/stm32cubeide_1.13.1/plugins/com.st.stm32cube.ide.mcu.externaltools.gnu-tools-for-stm32.11.3.rel1.linux64_1.1.0.202305231506/tools/bin/../lib/gcc/arm-none-eabi/11.3.1/../../../../arm-none-eabi/lib/thumb/v6-m/nofp/libc_nano.a(libc_a-stdio.o) (_close_r)
/opt/st/stm32cubeide_1.13.1/plugins/com.st.stm32cube.ide.mcu.externaltools.gnu-tools-for-stm32.11.3.rel1.linux64_1.1.0.202305231506/tools/bin/../lib/gcc/arm-none-eabi/11.3.1/../../../../arm-none-eabi/lib/thumb/v6-m/nofp/libc_nano.a(libc_a-reent.o)
                              /opt/st/stm32cubeide_1.13.1/plugins/com.st.stm32cube.ide.mcu.externaltools.gnu-tools-for-stm32.11.3.rel1.linux64_1.1.0.202305231506/tools/bin/../lib/gcc/arm-none-eabi/11.3.1/../../../../arm-none-eabi/lib/thumb/v6-m/nofp/libc_nano.a(libc_a-closer.o) (errno)
/opt/st/stm32cubeide_1.13.1/plugins/com.st.stm32cube.ide.mcu.externaltools.gnu-tools-for-stm32.11.3.rel1.linux64_1.1.0.202305231506/tools/bin/../lib/gcc/arm-none-eabi/11.3.1/../../../../arm-none-eabi/lib/thumb/v6-m/nofp/libc_nano.a(libc_a-impure.o)
                              /opt/st/stm32cubeide_1.13.1/plugins/com.st.stm32cube.ide.mcu.externaltools.gnu-tools-for-stm32.11.3.rel1.linux64_1.1.0.202305231506/tools/bin/../lib/gcc/arm-none-eabi/11.3.1/../../../../arm-none-eabi/lib/thumb/v6-m/nofp/libc_nano.a(libc_a-reent.o) (_impure_ptr)
[...]
Memory Configuration

Name             Origin             Length             Attributes
RAM              0x0000000020000000 0x0000000000002000 xrw
FLASH            0x0000000008000000 0x0000000000008000 xr
*default*        0x0000000000000000 0xffffffffffffffff

Linker script and memory map

LOAD /opt/st/stm32cubeide_1.13.1/plugins/com.st.stm32cube.ide.mcu.externaltools.gnu-tools-for-stm32.11.3.rel1.linux64_1.1.0.202305231506/tools/bin/../lib/gcc/arm-none-eabi/11.3.1/thumb/v6-m/nofp/crti.o
LOAD /opt/st/stm32cubeide_1.13.1/plugins/com.st.stm32cube.ide.mcu.externaltools.gnu-tools-for-stm32.11.3.rel1.linux64_1.1.0.202305231506/tools/bin/../lib/gcc/arm-none-eabi/11.3.1/thumb/v6-m/nofp/crtbegin.o
LOAD /opt/st/stm32cubeide_1.13.1/plugins/com.st.stm32cube.ide.mcu.externaltools.gnu-tools-for-stm32.11.3.rel1.linux64_1.1.0.202305231506/tools/bin/../lib/gcc/arm-none-eabi/11.3.1/../../../../arm-none-eabi/lib/thumb/v6-m/nofp/crt0.o
LOAD ./Core/Src/gpio.o
LOAD ./Core/Src/main.o
LOAD ./Core/Src/modbus_slave.o
LOAD ./Core/Src/nanomodbus.o
LOAD ./Core/Src/rtc.o
LOAD ./Core/Src/stm32g0xx_hal_msp.o
LOAD ./Core/Src/stm32g0xx_it.o
LOAD ./Core/Src/syscalls.o
LOAD ./Core/Src/sysmem.o
LOAD ./Core/Src/system_stm32g0xx.o
LOAD ./Core/Src/usart.o
LOAD ./Core/Startup/startup_stm32g030f6px.o
LOAD ./Drivers/STM32G0xx_HAL_Driver/Src/stm32g0xx_hal.o
LOAD ./Drivers/STM32G0xx_HAL_Driver/Src/stm32g0xx_hal_cortex.o
LOAD ./Drivers/STM32G0xx_HAL_Driver/Src/stm32g0xx_hal_dma.o
LOAD ./Drivers/STM32G0xx_HAL_Driver/Src/stm32g0xx_hal_dma_ex.o
LOAD ./Drivers/STM32G0xx_HAL_Driver/Src/stm32g0xx_hal_exti.o
LOAD ./Drivers/STM32G0xx_HAL_Driver/Src/stm32g0xx_hal_flash.o
LOAD ./Drivers/STM32G0xx_HAL_Driver/Src/stm32g0xx_hal_flash_ex.o
LOAD ./Drivers/STM32G0xx_HAL_Driver/Src/stm32g0xx_hal_gpio.o
LOAD ./Drivers/STM32G0xx_HAL_Driver/Src/stm32g0xx_hal_pwr.o
LOAD ./Drivers/STM32G0xx_HAL_Driver/Src/stm32g0xx_hal_pwr_ex.o
LOAD ./Drivers/STM32G0xx_HAL_Driver/Src/stm32g0xx_hal_rcc.o
LOAD ./Drivers/STM32G0xx_HAL_Driver/Src/stm32g0xx_hal_rcc_ex.o
LOAD ./Drivers/STM32G0xx_HAL_Driver/Src/stm32g0xx_hal_rtc.o
LOAD ./Drivers/STM32G0xx_HAL_Driver/Src/stm32g0xx_hal_rtc_ex.o
LOAD ./Drivers/STM32G0xx_HAL_Driver/Src/stm32g0xx_hal_tim.o
LOAD ./Drivers/STM32G0xx_HAL_Driver/Src/stm32g0xx_hal_tim_ex.o
LOAD ./Drivers/STM32G0xx_HAL_Driver/Src/stm32g0xx_hal_uart.o
LOAD ./Drivers/STM32G0xx_HAL_Driver/Src/stm32g0xx_hal_uart_ex.o
LOAD ./Drivers/STM32G0xx_HAL_Driver/Src/stm32g0xx_ll_dma.o
LOAD ./Drivers/STM32G0xx_HAL_Driver/Src/stm32g0xx_ll_rcc.o
START GROUP
LOAD /opt/st/stm32cubeide_1.13.1/plugins/com.st.stm32cube.ide.mcu.externaltools.gnu-tools-for-stm32.11.3.rel1.linux64_1.1.0.202305231506/tools/bin/../lib/gcc/arm-none-eabi/11.3.1/../../../../arm-none-eabi/lib/thumb/v6-m/nofp/libc_nano.a
LOAD /opt/st/stm32cubeide_1.13.1/plugins/com.st.stm32cube.ide.mcu.externaltools.gnu-tools-for-stm32.11.3.rel1.linux64_1.1.0.202305231506/tools/bin/../lib/gcc/arm-none-eabi/11.3.1/../../../../arm-none-eabi/lib/thumb/v6-m/nofp/libm.a
END GROUP
START GROUP
LOAD /opt/st/stm32cubeide_1.13.1/plugins/com.st.stm32cube.ide.mcu.externaltools.gnu-tools-for-stm32.11.3.rel1.linux64_1.1.0.202305231506/tools/bin/../lib/gcc/arm-none-eabi/11.3.1/thumb/v6-m/nofp/libgcc.a
LOAD /opt/st/stm32cubeide_1.13.1/plugins/com.st.stm32cube.ide.mcu.externaltools.gnu-tools-for-stm32.11.3.rel1.linux64_1.1.0.202305231506/tools/bin/../lib/gcc/arm-none-eabi/11.3.1/../../../../arm-none-eabi/lib/thumb/v6-m/nofp/libc_nano.a
END GROUP
START GROUP
LOAD /opt/st/stm32cubeide_1.13.1/plugins/com.st.stm32cube.ide.mcu.externaltools.gnu-tools-for-stm32.11.3.rel1.linux64_1.1.0.202305231506/tools/bin/../lib/gcc/arm-none-eabi/11.3.1/thumb/v6-m/nofp/libgcc.a
LOAD /opt/st/stm32cubeide_1.13.1/plugins/com.st.stm32cube.ide.mcu.externaltools.gnu-tools-for-stm32.11.3.rel1.linux64_1.1.0.202305231506/tools/bin/../lib/gcc/arm-none-eabi/11.3.1/../../../../arm-none-eabi/lib/thumb/v6-m/nofp/libc_nano.a
LOAD /opt/st/stm32cubeide_1.13.1/plugins/com.st.stm32cube.ide.mcu.externaltools.gnu-tools-for-stm32.11.3.rel1.linux64_1.1.0.202305231506/tools/bin/../lib/gcc/arm-none-eabi/11.3.1/../../../../arm-none-eabi/lib/thumb/v6-m/nofp/libnosys.a
END GROUP
START GROUP
LOAD /opt/st/stm32cubeide_1.13.1/plugins/com.st.stm32cube.ide.mcu.externaltools.gnu-tools-for-stm32.11.3.rel1.linux64_1.1.0.202305231506/tools/bin/../lib/gcc/arm-none-eabi/11.3.1/thumb/v6-m/nofp/libgcc.a
LOAD /opt/st/stm32cubeide_1.13.1/plugins/com.st.stm32cube.ide.mcu.externaltools.gnu-tools-for-stm32.11.3.rel1.linux64_1.1.0.202305231506/tools/bin/../lib/gcc/arm-none-eabi/11.3.1/../../../../arm-none-eabi/lib/thumb/v6-m/nofp/libc_nano.a
LOAD /opt/st/stm32cubeide_1.13.1/plugins/com.st.stm32cube.ide.mcu.externaltools.gnu-tools-for-stm32.11.3.rel1.linux64_1.1.0.202305231506/tools/bin/../lib/gcc/arm-none-eabi/11.3.1/../../../../arm-none-eabi/lib/thumb/v6-m/nofp/libnosys.a
END GROUP
LOAD /opt/st/stm32cubeide_1.13.1/plugins/com.st.stm32cube.ide.mcu.externaltools.gnu-tools-for-stm32.11.3.rel1.linux64_1.1.0.202305231506/tools/bin/../lib/gcc/arm-none-eabi/11.3.1/thumb/v6-m/nofp/crtend.o
LOAD /opt/st/stm32cubeide_1.13.1/plugins/com.st.stm32cube.ide.mcu.externaltools.gnu-tools-for-stm32.11.3.rel1.linux64_1.1.0.202305231506/tools/bin/../lib/gcc/arm-none-eabi/11.3.1/thumb/v6-m/nofp/crtn.o
                0x0000000020002000                _estack = (ORIGIN (RAM) + LENGTH (RAM))
                0x0000000000000200                _Min_Heap_Size = 0x200
                0x0000000000000400                _Min_Stack_Size = 0x400

.isr_vector     0x0000000008000000       0xb8
                0x0000000008000000                . = ALIGN (0x4)
 *(.isr_vector)
 .isr_vector    0x0000000008000000       0xb8 ./Core/Startup/startup_stm32g030f6px.o
                0x0000000008000000                g_pfnVectors
                0x00000000080000b8                . = ALIGN (0x4)

.text           0x00000000080000b8     0x7950
                0x00000000080000b8                . = ALIGN (0x4)
 *(.text)
 .text          0x00000000080000b8       0x48 /opt/st/stm32cubeide_1.13.1/plugins/com.st.stm32cube.ide.mcu.externaltools.gnu-tools-for-stm32.11.3.rel1.linux64_1.1.0.202305231506/tools/bin/../lib/gcc/arm-none-eabi/11.3.1/thumb/v6-m/nofp/crtbegin.o
 .text          0x0000000008000100        0xe /opt/st/stm32cubeide_1.13.1/plugins/com.st.stm32cube.ide.mcu.externaltools.gnu-tools-for-stm32.11.3.rel1.linux64_1.1.0.202305231506/tools/bin/../lib/gcc/arm-none-eabi/11.3.1/../../../../arm-none-eabi/lib/thumb/v6-m/nofp/libc_nano.a(libc_a-strlen.o)
                0x0000000008000100                strlen
 *fill*         0x000000000800010e        0x2 
 .text          0x0000000008000110      0x114 /opt/st/stm32cubeide_1.13.1/plugins/com.st.stm32cube.ide.mcu.externaltools.gnu-tools-for-stm32.11.3.rel1.linux64_1.1.0.202305231506/tools/bin/../lib/gcc/arm-none-eabi/11.3.1/thumb/v6-m/nofp/libgcc.a(_udivsi3.o)
                0x0000000008000110                __udivsi3
                0x0000000008000110                __aeabi_uidiv
                0x000000000800021c                __aeabi_uidivmod
 .text          0x0000000008000224      0x1d4 /opt/st/stm32cubeide_1.13.1/plugins/com.st.stm32cube.ide.mcu.externaltools.gnu-tools-for-stm32.11.3.rel1.linux64_1.1.0.202305231506/tools/bin/../lib/gcc/arm-none-eabi/11.3.1/thumb/v6-m/nofp/libgcc.a(_divsi3.o)
                0x0000000008000224                __aeabi_idiv
                0x0000000008000224                __divsi3
                0x00000000080003f0                __aeabi_idivmod
 .text          0x00000000080003f8        0x4 /opt/st/stm32cubeide_1.13.1/plugins/com.st.stm32cube.ide.mcu.externaltools.gnu-tools-for-stm32.11.3.rel1.linux64_1.1.0.202305231506/tools/bin/../lib/gcc/arm-none-eabi/11.3.1/thumb/v6-m/nofp/libgcc.a(_dvmd_tls.o)
                0x00000000080003f8                __aeabi_ldiv0
                0x00000000080003f8                __aeabi_idiv0
 *(.text*)
 .text.MX_GPIO_Init
                0x00000000080003fc       0x44 ./Core/Src/gpio.o
                0x00000000080003fc                MX_GPIO_Init
 .text.main     0x0000000008000440       0x26 ./Core/Src/main.o
                0x0000000008000440                main
 *fill*         0x0000000008000466        0x2 
 .text.SystemClock_Config
                0x0000000008000468       0xd0 ./Core/Src/main.o
                0x0000000008000468                SystemClock_Config
 .text.Error_Handler
                0x0000000008000538        0xa ./Core/Src/main.o
                0x0000000008000538                Error_Handler
 .text.RS485_DE_Enable
                0x0000000008000542       0x18 ./Core/Src/modbus_slave.o
 .text.RS485_DE_Disable
                0x000000000800055a       0x18 ./Core/Src/modbus_slave.o
 *fill*         0x0000000008000572        0x2 
 .text.platform_read
                0x0000000008000574       0xdc ./Core/Src/modbus_slave.o
 .text.platform_write
                0x0000000008000650       0x6c ./Core/Src/modbus_slave.o
 .text.read_holding_registers
                0x00000000080006bc       0xd0 ./Core/Src/modbus_slave.o
 .text.read_input_registers
                0x000000000800078c       0xc4 ./Core/Src/modbus_slave.o
 .text.Modbus_Init
                0x0000000008000850       0xdc ./Core/Src/modbus_slave.o
                0x0000000008000850                Modbus_Init
 .text.Modbus_Process
                0x000000000800092c       0x18 ./Core/Src/modbus_slave.o
                0x000000000800092c                Modbus_Process
 .text.Modbus_UART_IRQHandler
                0x0000000008000944       0x98 ./Core/Src/modbus_slave.o
                0x0000000008000944                Modbus_UART_IRQHandler
 .text.get_1    0x00000000080009dc       0x3c ./Core/Src/nanomodbus.o
 .text.put_1    0x0000000008000a18       0x3c ./Core/Src/nanomodbus.o
 .text.discard_1
                0x0000000008000a54       0x24 ./Core/Src/nanomodbus.o
 .text.discard_n
                0x0000000008000a78       0x2e ./Core/Src/nanomodbus.o
 .text.get_2    0x0000000008000aa6       0x54 ./Core/Src/nanomodbus.o
 .text.put_2    0x0000000008000afa       0x56 ./Core/Src/nanomodbus.o
 .text.set_1    0x0000000008000b50       0x2c ./Core/Src/nanomodbus.o
 .text.set_2    0x0000000008000b7c       0x42 ./Core/Src/nanomodbus.o
 .text.get_n    0x0000000008000bbe       0x3e ./Core/Src/nanomodbus.o
 .text.put_n    0x0000000008000bfc       0x4a ./Core/Src/nanomodbus.o
 .text.get_regs
                0x0000000008000c46       0x86 ./Core/Src/nanomodbus.o
 .text.swap_regs
                0x0000000008000ccc       0x5c ./Core/Src/nanomodbus.o
 .text.recv     0x0000000008000d28       0x86 ./Core/Src/nanomodbus.o
 .text.send     0x0000000008000dae       0x6c ./Core/Src/nanomodbus.o
 .text.flush    0x0000000008000e1a       0x2c ./Core/Src/nanomodbus.o
 .text.msg_buf_reset
                0x0000000008000e46       0x1a ./Core/Src/nanomodbus.o
 .text.msg_state_reset
                0x0000000008000e60       0x54 ./Core/Src/nanomodbus.o
 .text.nmbs_create
                0x0000000008000eb4       0xa4 ./Core/Src/nanomodbus.o
                0x0000000008000eb4                nmbs_create
 .text.nmbs_set_read_timeout
                0x0000000008000f58       0x1c ./Core/Src/nanomodbus.o
                0x0000000008000f58                nmbs_set_read_timeout
 .text.nmbs_set_byte_timeout
                0x0000000008000f74       0x1c ./Core/Src/nanomodbus.o
                0x0000000008000f74                nmbs_set_byte_timeout
 .text.nmbs_platform_conf_create
                0x0000000008000f90       0x3c ./Core/Src/nanomodbus.o
                0x0000000008000f90                nmbs_platform_conf_create
 .text.nmbs_crc_calc
                0x0000000008000fcc       0x98 ./Core/Src/nanomodbus.o
                0x0000000008000fcc                nmbs_crc_calc
 .text.recv_msg_footer
                0x0000000008001064       0x8e ./Core/Src/nanomodbus.o
 .text.recv_msg_header
                0x00000000080010f2      0x1fa ./Core/Src/nanomodbus.o
 .text.put_msg_header
                0x00000000080012ec       0x9c ./Core/Src/nanomodbus.o
 .text.set_msg_header_size
                0x0000000008001388       0x3a ./Core/Src/nanomodbus.o
 .text.send_msg
                0x00000000080013c2       0x72 ./Core/Src/nanomodbus.o
 .text.recv_req_header
                0x0000000008001434       0x8a ./Core/Src/nanomodbus.o
 .text.put_res_header
                0x00000000080014be       0x24 ./Core/Src/nanomodbus.o
 .text.send_exception_msg
                0x00000000080014e2       0x5c ./Core/Src/nanomodbus.o
 .text.recv_res_header
                0x000000000800153e      0x156 ./Core/Src/nanomodbus.o
 .text.recv_read_discrete_res
                0x0000000008001694      0x100 ./Core/Src/nanomodbus.o
 .text.recv_read_registers_res
                0x0000000008001794      0x120 ./Core/Src/nanomodbus.o
 .text.recv_write_single_coil_res
                0x00000000080018b4       0xd2 ./Core/Src/nanomodbus.o
                0x00000000080018b4                recv_write_single_coil_res
 .text.recv_write_single_register_res
                0x0000000008001986       0xd2 ./Core/Src/nanomodbus.o
                0x0000000008001986                recv_write_single_register_res
 .text.recv_write_multiple_coils_res
                0x0000000008001a58       0xd2 ./Core/Src/nanomodbus.o
                0x0000000008001a58                recv_write_multiple_coils_res
 .text.recv_write_multiple_registers_res
                0x0000000008001b2a       0xd2 ./Core/Src/nanomodbus.o
                0x0000000008001b2a                recv_write_multiple_registers_res
 .text.recv_read_file_record_res
                0x0000000008001bfc      0x156 ./Core/Src/nanomodbus.o
                0x0000000008001bfc                recv_read_file_record_res
 .text.recv_write_file_record_res
                0x0000000008001d52      0x1ba ./Core/Src/nanomodbus.o
                0x0000000008001d52                recv_write_file_record_res
 .text.recv_read_device_identification_res
                0x0000000008001f0c      0x2c0 ./Core/Src/nanomodbus.o
                0x0000000008001f0c                recv_read_device_identification_res
 .text.handle_read_discrete
                0x00000000080021cc      0x258 ./Core/Src/nanomodbus.o
 .text.handle_read_registers
                0x0000000008002424      0x250 ./Core/Src/nanomodbus.o
 .text.handle_read_coils
                0x0000000008002674       0x24 ./Core/Src/nanomodbus.o
 .text.handle_read_discrete_inputs
                0x0000000008002698       0x24 ./Core/Src/nanomodbus.o
 .text.handle_read_holding_registers
                0x00000000080026bc       0x24 ./Core/Src/nanomodbus.o
 .text.handle_read_input_registers
                0x00000000080026e0       0x24 ./Core/Src/nanomodbus.o
 .text.handle_write_single_coil
                0x0000000008002704      0x1ba ./Core/Src/nanomodbus.o
 .text.handle_write_single_register
                0x00000000080028be      0x18e ./Core/Src/nanomodbus.o
 .text.handle_write_multiple_coils
                0x0000000008002a4c      0x2f0 ./Core/Src/nanomodbus.o
 .text.handle_write_multiple_registers
                0x0000000008002d3c      0x2cc ./Core/Src/nanomodbus.o
 .text.handle_read_file_record
                0x0000000008003008      0x5a8 ./Core/Src/nanomodbus.o
 .text.handle_write_file_record
                0x00000000080035b0      0x3c0 ./Core/Src/nanomodbus.o
 .text.handle_read_write_registers
                0x0000000008003970      0x552 ./Core/Src/nanomodbus.o
 .text.handle_read_device_identification
                0x0000000008003ec2      0x5ce ./Core/Src/nanomodbus.o
 .text.handle_req_fc
                0x0000000008004490      0x14c ./Core/Src/nanomodbus.o
 .text.nmbs_callbacks_create
                0x00000000080045dc       0x28 ./Core/Src/nanomodbus.o
                0x00000000080045dc                nmbs_callbacks_create
 .text.nmbs_server_create
                0x0000000008004604       0x94 ./Core/Src/nanomodbus.o
                0x0000000008004604                nmbs_server_create
 .text.nmbs_server_poll
                0x0000000008004698       0xac ./Core/Src/nanomodbus.o
                0x0000000008004698                nmbs_server_poll
 .text.MX_RTC_Init
                0x0000000008004744       0xd8 ./Core/Src/rtc.o
                0x0000000008004744                MX_RTC_Init
 .text.HAL_RTC_MspInit
                0x000000000800481c       0x7c ./Core/Src/rtc.o
                0x000000000800481c                HAL_RTC_MspInit
 .text.HAL_MspInit
                0x0000000008004898       0x54 ./Core/Src/stm32g0xx_hal_msp.o
                0x0000000008004898                HAL_MspInit
 .text.NMI_Handler
                0x00000000080048ec        0x6 ./Core/Src/stm32g0xx_it.o
                0x00000000080048ec                NMI_Handler
 .text.HardFault_Handler
                0x00000000080048f2        0x6 ./Core/Src/stm32g0xx_it.o
                0x00000000080048f2                HardFault_Handler
 .text.SVC_Handler
                0x00000000080048f8        0xa ./Core/Src/stm32g0xx_it.o
                0x00000000080048f8                SVC_Handler
 .text.PendSV_Handler
                0x0000000008004902        0xa ./Core/Src/stm32g0xx_it.o
                0x0000000008004902                PendSV_Handler
 .text.SysTick_Handler
                0x000000000800490c        0xe ./Core/Src/stm32g0xx_it.o
                0x000000000800490c                SysTick_Handler
 *fill*         0x000000000800491a        0x2 
 .text.USART2_IRQHandler
                0x000000000800491c       0x1c ./Core/Src/stm32g0xx_it.o
                0x000000000800491c                USART2_IRQHandler
 .text.SystemInit
                0x0000000008004938        0xa ./Core/Src/system_stm32g0xx.o
                0x0000000008004938                SystemInit
 *fill*         0x0000000008004942        0x2 
 .text.MX_USART1_UART_Init
                0x0000000008004944       0x9c ./Core/Src/usart.o
                0x0000000008004944                MX_USART1_UART_Init
 .text.MX_USART2_UART_Init
                0x00000000080049e0       0x6c ./Core/Src/usart.o
                0x00000000080049e0                MX_USART2_UART_Init
 .text.HAL_UART_MspInit
                0x0000000008004a4c      0x144 ./Core/Src/usart.o
                0x0000000008004a4c                HAL_UART_MspInit
 .text.Reset_Handler
                0x0000000008004b90       0x50 ./Core/Startup/startup_stm32g030f6px.o
                0x0000000008004b90                Reset_Handler
 .text.Default_Handler
                0x0000000008004be0        0x2 ./Core/Startup/startup_stm32g030f6px.o
                0x0000000008004be0                TIM1_CC_IRQHandler
                0x0000000008004be0                I2C1_IRQHandler
                0x0000000008004be0                RTC_TAMP_IRQHandler
                0x0000000008004be0                SPI1_IRQHandler
                0x0000000008004be0                DMA1_Ch4_5_DMAMUX1_OVR_IRQHandler
                0x0000000008004be0                EXTI2_3_IRQHandler
                0x0000000008004be0                ADC1_IRQHandler
                0x0000000008004be0                I2C2_IRQHandler
                0x0000000008004be0                TIM17_IRQHandler
                0x0000000008004be0                TIM16_IRQHandler
                0x0000000008004be0                TIM3_IRQHandler
                0x0000000008004be0                EXTI4_15_IRQHandler
                0x0000000008004be0                RCC_IRQHandler
                0x0000000008004be0                DMA1_Channel1_IRQHandler
                0x0000000008004be0                Default_Handler
                0x0000000008004be0                TIM14_IRQHandler
                0x0000000008004be0                EXTI0_1_IRQHandler
                0x0000000008004be0                SPI2_IRQHandler
                0x0000000008004be0                WWDG_IRQHandler
                0x0000000008004be0                DMA1_Channel2_3_IRQHandler
                0x0000000008004be0                FLASH_IRQHandler
                0x0000000008004be0                USART1_IRQHandler
                0x0000000008004be0                TIM1_BRK_UP_TRG_COM_IRQHandler
 *fill*         0x0000000008004be2        0x2 
 .text.HAL_Init
                0x0000000008004be4       0x40 ./Drivers/STM32G0xx_HAL_Driver/Src/stm32g0xx_hal.o
                0x0000000008004be4                HAL_Init
 .text.HAL_InitTick
                0x0000000008004c24       0x94 ./Drivers/STM32G0xx_HAL_Driver/Src/stm32g0xx_hal.o
                0x0000000008004c24                HAL_InitTick
 .text.HAL_IncTick
                0x0000000008004cb8       0x24 ./Drivers/STM32G0xx_HAL_Driver/Src/stm32g0xx_hal.o
                0x0000000008004cb8                HAL_IncTick
 .text.HAL_GetTick
                0x0000000008004cdc       0x14 ./Drivers/STM32G0xx_HAL_Driver/Src/stm32g0xx_hal.o
                0x0000000008004cdc                HAL_GetTick
 .text.HAL_GetUIDw0
                0x0000000008004cf0       0x14 ./Drivers/STM32G0xx_HAL_Driver/Src/stm32g0xx_hal.o
                0x0000000008004cf0                HAL_GetUIDw0
 .text.HAL_GetUIDw1
                0x0000000008004d04       0x14 ./Drivers/STM32G0xx_HAL_Driver/Src/stm32g0xx_hal.o
                0x0000000008004d04                HAL_GetUIDw1
 .text.HAL_GetUIDw2
                0x0000000008004d18       0x14 ./Drivers/STM32G0xx_HAL_Driver/Src/stm32g0xx_hal.o
                0x0000000008004d18                HAL_GetUIDw2
 .text.HAL_SYSCFG_EnableRemap
                0x0000000008004d2c       0x20 ./Drivers/STM32G0xx_HAL_Driver/Src/stm32g0xx_hal.o
                0x0000000008004d2c                HAL_SYSCFG_EnableRemap
 .text.__NVIC_EnableIRQ
                0x0000000008004d4c       0x34 ./Drivers/STM32G0xx_HAL_Driver/Src/stm32g0xx_hal_cortex.o
 .text.__NVIC_SetPriority
                0x0000000008004d80       0xdc ./Drivers/STM32G0xx_HAL_Driver/Src/stm32g0xx_hal_cortex.o
 .text.SysTick_Config
                0x0000000008004e5c       0x48 ./Drivers/STM32G0xx_HAL_Driver/Src/stm32g0xx_hal_cortex.o
 .text.HAL_NVIC_SetPriority
                0x0000000008004ea4       0x2a ./Drivers/STM32G0xx_HAL_Driver/Src/stm32g0xx_hal_cortex.o
                0x0000000008004ea4                HAL_NVIC_SetPriority
 .text.HAL_NVIC_EnableIRQ
                0x0000000008004ece       0x20 ./Drivers/STM32G0xx_HAL_Driver/Src/stm32g0xx_hal_cortex.o
                0x0000000008004ece                HAL_NVIC_EnableIRQ
 .text.HAL_SYSTICK_Config
                0x0000000008004eee       0x1a ./Drivers/STM32G0xx_HAL_Driver/Src/stm32g0xx_hal_cortex.o
                0x0000000008004eee                HAL_SYSTICK_Config
 .text.HAL_DMA_Abort
                0x0000000008004f08       0xc4 ./Drivers/STM32G0xx_HAL_Driver/Src/stm32g0xx_hal_dma.o
                0x0000000008004f08                HAL_DMA_Abort
 .text.HAL_DMA_Abort_IT
                0x0000000008004fcc       0xd4 ./Drivers/STM32G0xx_HAL_Driver/Src/stm32g0xx_hal_dma.o
                0x0000000008004fcc                HAL_DMA_Abort_IT
 .text.HAL_GPIO_Init
                0x00000000080050a0      0x2c8 ./Drivers/STM32G0xx_HAL_Driver/Src/stm32g0xx_hal_gpio.o
                0x00000000080050a0                HAL_GPIO_Init
 .text.HAL_GPIO_WritePin
                0x0000000008005368       0x3a ./Drivers/STM32G0xx_HAL_Driver/Src/stm32g0xx_hal_gpio.o
                0x0000000008005368                HAL_GPIO_WritePin
 *fill*         0x00000000080053a2        0x2 
 .text.HAL_PWR_EnableBkUpAccess
                0x00000000080053a4       0x1c ./Drivers/STM32G0xx_HAL_Driver/Src/stm32g0xx_hal_pwr.o
                0x00000000080053a4                HAL_PWR_EnableBkUpAccess
 .text.HAL_PWREx_ControlVoltageScaling
                0x00000000080053c0       0x80 ./Drivers/STM32G0xx_HAL_Driver/Src/stm32g0xx_hal_pwr_ex.o
                0x00000000080053c0                HAL_PWREx_ControlVoltageScaling
 .text.LL_RCC_GetAPB1Prescaler
                0x0000000008005440       0x18 ./Drivers/STM32G0xx_HAL_Driver/Src/stm32g0xx_hal_rcc.o
 .text.HAL_RCC_OscConfig
                0x0000000008005458      0x620 ./Drivers/STM32G0xx_HAL_Driver/Src/stm32g0xx_hal_rcc.o
                0x0000000008005458                HAL_RCC_OscConfig
 .text.HAL_RCC_ClockConfig
                0x0000000008005a78      0x210 ./Drivers/STM32G0xx_HAL_Driver/Src/stm32g0xx_hal_rcc.o
                0x0000000008005a78                HAL_RCC_ClockConfig
 .text.HAL_RCC_GetSysClockFreq
                0x0000000008005c88      0x104 ./Drivers/STM32G0xx_HAL_Driver/Src/stm32g0xx_hal_rcc.o
                0x0000000008005c88                HAL_RCC_GetSysClockFreq
 .text.HAL_RCC_GetHCLKFreq
                0x0000000008005d8c       0x14 ./Drivers/STM32G0xx_HAL_Driver/Src/stm32g0xx_hal_rcc.o
                0x0000000008005d8c                HAL_RCC_GetHCLKFreq
 .text.HAL_RCC_GetPCLK1Freq
                0x0000000008005da0       0x2c ./Drivers/STM32G0xx_HAL_Driver/Src/stm32g0xx_hal_rcc.o
                0x0000000008005da0                HAL_RCC_GetPCLK1Freq
 .text.HAL_RCCEx_PeriphCLKConfig
                0x0000000008005dcc      0x24c ./Drivers/STM32G0xx_HAL_Driver/Src/stm32g0xx_hal_rcc_ex.o
                0x0000000008005dcc                HAL_RCCEx_PeriphCLKConfig
 .text.HAL_RTC_Init
                0x0000000008006018      0x144 ./Drivers/STM32G0xx_HAL_Driver/Src/stm32g0xx_hal_rtc.o
                0x0000000008006018                HAL_RTC_Init
 .text.HAL_RTC_SetTime
                0x000000000800615c      0x150 ./Drivers/STM32G0xx_HAL_Driver/Src/stm32g0xx_hal_rtc.o
                0x000000000800615c                HAL_RTC_SetTime
 .text.HAL_RTC_SetDate
                0x00000000080062ac      0x124 ./Drivers/STM32G0xx_HAL_Driver/Src/stm32g0xx_hal_rtc.o
                0x00000000080062ac                HAL_RTC_SetDate
 .text.HAL_RTC_WaitForSynchro
                0x00000000080063d0       0x4c ./Drivers/STM32G0xx_HAL_Driver/Src/stm32g0xx_hal_rtc.o
                0x00000000080063d0                HAL_RTC_WaitForSynchro
 .text.RTC_EnterInitMode
                0x000000000800641c       0x84 ./Drivers/STM32G0xx_HAL_Driver/Src/stm32g0xx_hal_rtc.o
                0x000000000800641c                RTC_EnterInitMode
 .text.RTC_ExitInitMode
                0x00000000080064a0       0x88 ./Drivers/STM32G0xx_HAL_Driver/Src/stm32g0xx_hal_rtc.o
                0x00000000080064a0                RTC_ExitInitMode
 .text.RTC_ByteToBcd2
                0x0000000008006528       0x50 ./Drivers/STM32G0xx_HAL_Driver/Src/stm32g0xx_hal_rtc.o
                0x0000000008006528                RTC_ByteToBcd2
 .text.HAL_UART_Init
                0x0000000008006578       0xac ./Drivers/STM32G0xx_HAL_Driver/Src/stm32g0xx_hal_uart.o
                0x0000000008006578                HAL_UART_Init
 .text.HAL_UART_Transmit
                0x0000000008006624      0x15c ./Drivers/STM32G0xx_HAL_Driver/Src/stm32g0xx_hal_uart.o
                0x0000000008006624                HAL_UART_Transmit
 .text.HAL_UART_IRQHandler
                0x0000000008006780      0x68c ./Drivers/STM32G0xx_HAL_Driver/Src/stm32g0xx_hal_uart.o
                0x0000000008006780                HAL_UART_IRQHandler
 .text.HAL_UART_TxCpltCallback
                0x0000000008006e0c       0x10 ./Drivers/STM32G0xx_HAL_Driver/Src/stm32g0xx_hal_uart.o
                0x0000000008006e0c                HAL_UART_TxCpltCallback
 .text.HAL_UART_ErrorCallback
                0x0000000008006e1c       0x10 ./Drivers/STM32G0xx_HAL_Driver/Src/stm32g0xx_hal_uart.o
                0x0000000008006e1c                HAL_UART_ErrorCallback
 .text.HAL_UARTEx_RxEventCallback
                0x0000000008006e2c       0x16 ./Drivers/STM32G0xx_HAL_Driver/Src/stm32g0xx_hal_uart.o
                0x0000000008006e2c                HAL_UARTEx_RxEventCallback
 *fill*         0x0000000008006e42        0x2 
 .text.UART_SetConfig
                0x0000000008006e44      0x2d4 ./Drivers/STM32G0xx_HAL_Driver/Src/stm32g0xx_hal_uart.o
                0x0000000008006e44                UART_SetConfig
 .text.UART_AdvFeatureConfig
                0x0000000008007118      0x168 ./Drivers/STM32G0xx_HAL_Driver/Src/stm32g0xx_hal_uart.o
                0x0000000008007118                UART_AdvFeatureConfig
 .text.UART_CheckIdleState
                0x0000000008007280      0x154 ./Drivers/STM32G0xx_HAL_Driver/Src/stm32g0xx_hal_uart.o
                0x0000000008007280                UART_CheckIdleState
 .text.UART_WaitOnFlagUntilTimeout
                0x00000000080073d4       0xde ./Drivers/STM32G0xx_HAL_Driver/Src/stm32g0xx_hal_uart.o
                0x00000000080073d4                UART_WaitOnFlagUntilTimeout
 *fill*         0x00000000080074b2        0x2 
 .text.UART_EndRxTransfer
                0x00000000080074b4       0xcc ./Drivers/STM32G0xx_HAL_Driver/Src/stm32g0xx_hal_uart.o
 .text.UART_DMAAbortOnError
                0x0000000008007580       0x1e ./Drivers/STM32G0xx_HAL_Driver/Src/stm32g0xx_hal_uart.o
 .text.UART_EndTransmit_IT
                0x000000000800759e       0x58 ./Drivers/STM32G0xx_HAL_Driver/Src/stm32g0xx_hal_uart.o
 *fill*         0x00000000080075f6        0x2 
 .text.HAL_RS485Ex_Init
                0x00000000080075f8       0xe4 ./Drivers/STM32G0xx_HAL_Driver/Src/stm32g0xx_hal_uart_ex.o
                0x00000000080075f8                HAL_RS485Ex_Init
 .text.HAL_UARTEx_WakeupCallback
                0x00000000080076dc       0x10 ./Drivers/STM32G0xx_HAL_Driver/Src/stm32g0xx_hal_uart_ex.o
                0x00000000080076dc                HAL_UARTEx_WakeupCallback
 .text.HAL_UARTEx_RxFifoFullCallback
                0x00000000080076ec       0x10 ./Drivers/STM32G0xx_HAL_Driver/Src/stm32g0xx_hal_uart_ex.o
                0x00000000080076ec                HAL_UARTEx_RxFifoFullCallback
 .text.HAL_UARTEx_TxFifoEmptyCallback
                0x00000000080076fc       0x10 ./Drivers/STM32G0xx_HAL_Driver/Src/stm32g0xx_hal_uart_ex.o
                0x00000000080076fc                HAL_UARTEx_TxFifoEmptyCallback
 .text.HAL_UARTEx_DisableFifoMode
                0x000000000800770c       0x74 ./Drivers/STM32G0xx_HAL_Driver/Src/stm32g0xx_hal_uart_ex.o
                0x000000000800770c                HAL_UARTEx_DisableFifoMode
 .text.HAL_UARTEx_SetTxFifoThreshold
                0x0000000008007780       0x7e ./Drivers/STM32G0xx_HAL_Driver/Src/stm32g0xx_hal_uart_ex.o
                0x0000000008007780                HAL_UARTEx_SetTxFifoThreshold
 *fill*         0x00000000080077fe        0x2 
 .text.HAL_UARTEx_SetRxFifoThreshold
                0x0000000008007800       0x84 ./Drivers/STM32G0xx_HAL_Driver/Src/stm32g0xx_hal_uart_ex.o
                0x0000000008007800                HAL_UARTEx_SetRxFifoThreshold
 .text.UARTEx_SetNbDataToProcess
                0x0000000008007884       0xbc ./Drivers/STM32G0xx_HAL_Driver/Src/stm32g0xx_hal_uart_ex.o
 .text.memcmp   0x0000000008007940       0x1c /opt/st/stm32cubeide_1.13.1/plugins/com.st.stm32cube.ide.mcu.externaltools.gnu-tools-for-stm32.11.3.rel1.linux64_1.1.0.202305231506/tools/bin/../lib/gcc/arm-none-eabi/11.3.1/../../../../arm-none-eabi/lib/thumb/v6-m/nofp/libc_nano.a(libc_a-memcmp.o)
                0x0000000008007940                memcmp
 .text.memset   0x000000000800795c       0x10 /opt/st/stm32cubeide_1.13.1/plugins/com.st.stm32cube.ide.mcu.externaltools.gnu-tools-for-stm32.11.3.rel1.linux64_1.1.0.202305231506/tools/bin/../lib/gcc/arm-none-eabi/11.3.1/../../../../arm-none-eabi/lib/thumb/v6-m/nofp/libc_nano.a(libc_a-memset.o)
                0x000000000800795c                memset
 .text.strncpy  0x000000000800796c       0x28 /opt/st/stm32cubeide_1.13.1/plugins/com.st.stm32cube.ide.mcu.externaltools.gnu-tools-for-stm32.11.3.rel1.linux64_1.1.0.202305231506/tools/bin/../lib/gcc/arm-none-eabi/11.3.1/../../../../arm-none-eabi/lib/thumb/v6-m/nofp/libc_nano.a(libc_a-strncpy.o)
                0x000000000800796c                strncpy
 .text.__libc_init_array
                0x0000000008007994       0x48 /opt/st/stm32cubeide_1.13.1/plugins/com.st.stm32cube.ide.mcu.externaltools.gnu-tools-for-stm32.11.3.rel1.linux64_1.1.0.202305231506/tools/bin/../lib/gcc/arm-none-eabi/11.3.1/../../../../arm-none-eabi/lib/thumb/v6-m/nofp/libc_nano.a(libc_a-init.o)
                0x0000000008007994                __libc_init_array
 .text.memcpy   0x00000000080079dc       0x12 /opt/st/stm32cubeide_1.13.1/plugins/com.st.stm32cube.ide.mcu.externaltools.gnu-tools-for-stm32.11.3.rel1.linux64_1.1.0.202305231506/tools/bin/../lib/gcc/arm-none-eabi/11.3.1/../../../../arm-none-eabi/lib/thumb/v6-m/nofp/libc_nano.a(libc_a-memcpy-stub.o)
                0x00000000080079dc                memcpy
 *(.glue_7)
 .glue_7        0x00000000080079ee        0x0 linker stubs
 *(.glue_7t)
 .glue_7t       0x00000000080079ee        0x0 linker stubs
 *(.eh_frame)
 *fill*         0x00000000080079ee        0x2 
 .eh_frame      0x00000000080079f0        0x0 /opt/st/stm32cubeide_1.13.1/plugins/com.st.stm32cube.ide.mcu.externaltools.gnu-tools-for-stm32.11.3.rel1.linux64_1.1.0.202305231506/tools/bin/../lib/gcc/arm-none-eabi/11.3.1/thumb/v6-m/nofp/crtbegin.o
 *(.init)
 .init          0x00000000080079f0        0x4 /opt/st/stm32cubeide_1.13.1/plugins/com.st.stm32cube.ide.mcu.externaltools.gnu-tools-for-stm32.11.3.rel1.linux64_1.1.0.202305231506/tools/bin/../lib/gcc/arm-none-eabi/11.3.1/thumb/v6-m/nofp/crti.o
                0x00000000080079f0                _init
 .init          0x00000000080079f4        0x8 /opt/st/stm32cubeide_1.13.1/plugins/com.st.stm32cube.ide.mcu.externaltools.gnu-tools-for-stm32.11.3.rel1.linux64_1.1.0.202305231506/tools/bin/../lib/gcc/arm-none-eabi/11.3.1/thumb/v6-m/nofp/crtn.o
 *(.fini)
 .fini          0x00000000080079fc        0x4 /opt/st/stm32cubeide_1.13.1/plugins/com.st.stm32cube.ide.mcu.externaltools.gnu-tools-for-stm32.11.3.rel1.linux64_1.1.0.202305231506/tools/bin/../lib/gcc/arm-none-eabi/11.3.1/thumb/v6-m/nofp/crti.o
                0x00000000080079fc                _fini
 .fini          0x0000000008007a00        0x8 /opt/st/stm32cubeide_1.13.1/plugins/com.st.stm32cube.ide.mcu.externaltools.gnu-tools-for-stm32.11.3.rel1.linux64_1.1.0.202305231506/tools/bin/../lib/gcc/arm-none-eabi/11.3.1/thumb/v6-m/nofp/crtn.o
                0x0000000008007a08                . = ALIGN (0x4)
                0x0000000008007a08                _etext = .

.vfp11_veneer   0x0000000008007a08        0x0
 .vfp11_veneer  0x0000000008007a08        0x0 linker stubs

.v4_bx          0x0000000008007a08        0x0
 .v4_bx         0x0000000008007a08        0x0 linker stubs

.iplt           0x0000000008007a08        0x0
 .iplt          0x0000000008007a08        0x0 /opt/st/stm32cubeide_1.13.1/plugins/com.st.stm32cube.ide.mcu.externaltools.gnu-tools-for-stm32.11.3.rel1.linux64_1.1.0.202305231506/tools/bin/../lib/gcc/arm-none-eabi/11.3.1/thumb/v6-m/nofp/crtbegin.o

.rodata         0x0000000008007a08      0x138
                0x0000000008007a08                . = ALIGN (0x4)
 *(.rodata)
 *(.rodata*)
 .rodata.handle_req_fc
                0x0000000008007a08       0xb0 ./Core/Src/nanomodbus.o
 .rodata.AHBPrescTable
                0x0000000008007ab8       0x40 ./Core/Src/system_stm32g0xx.o
                0x0000000008007ab8                AHBPrescTable
 .rodata.APBPrescTable
                0x0000000008007af8       0x20 ./Core/Src/system_stm32g0xx.o
                0x0000000008007af8                APBPrescTable
 .rodata.UARTPrescTable
                0x0000000008007b18       0x18 ./Drivers/STM32G0xx_HAL_Driver/Src/stm32g0xx_hal_uart.o
                0x0000000008007b18                UARTPrescTable
 .rodata.numerator.1
                0x0000000008007b30        0x8 ./Drivers/STM32G0xx_HAL_Driver/Src/stm32g0xx_hal_uart_ex.o
 .rodata.denominator.0
                0x0000000008007b38        0x8 ./Drivers/STM32G0xx_HAL_Driver/Src/stm32g0xx_hal_uart_ex.o
                0x0000000008007b40                . = ALIGN (0x4)

.rel.dyn        0x0000000008007b40        0x0
 .rel.iplt      0x0000000008007b40        0x0 /opt/st/stm32cubeide_1.13.1/plugins/com.st.stm32cube.ide.mcu.externaltools.gnu-tools-for-stm32.11.3.rel1.linux64_1.1.0.202305231506/tools/bin/../lib/gcc/arm-none-eabi/11.3.1/thumb/v6-m/nofp/crtbegin.o

.ARM.extab      0x0000000008007b40        0x0
                0x0000000008007b40                . = ALIGN (0x4)
 *(.ARM.extab* .gnu.linkonce.armextab.*)
                0x0000000008007b40                . = ALIGN (0x4)

.ARM            0x0000000008007b40        0x0
                0x0000000008007b40                . = ALIGN (0x4)
                0x0000000008007b40                __exidx_start = .
 *(.ARM.exidx*)
                0x0000000008007b40                __exidx_end = .
                0x0000000008007b40                . = ALIGN (0x4)

.preinit_array  0x0000000008007b40        0x0
                0x0000000008007b40                . = ALIGN (0x4)
                0x0000000008007b40                PROVIDE (__preinit_array_start = .)
 *(.preinit_array*)
                0x0000000008007b40                PROVIDE (__preinit_array_end = .)
                0x0000000008007b40                . = ALIGN (0x4)

.init_array     0x0000000008007b40        0x4
                0x0000000008007b40                . = ALIGN (0x4)
                0x0000000008007b40                PROVIDE (__init_array_start = .)
 *(SORT_BY_NAME(.init_array.*))
 *(.init_array*)
 .init_array    0x0000000008007b40        0x4 /opt/st/stm32cubeide_1.13.1/plugins/com.st.stm32cube.ide.mcu.externaltools.gnu-tools-for-stm32.11.3.rel1.linux64_1.1.0.202305231506/tools/bin/../lib/gcc/arm-none-eabi/11.3.1/thumb/v6-m/nofp/crtbegin.o
                0x0000000008007b44                PROVIDE (__init_array_end = .)
                0x0000000008007b44                . = ALIGN (0x4)

.fini_array     0x0000000008007b44        0x4
                0x0000000008007b44                . = ALIGN (0x4)
                [!provide]                        PROVIDE (__fini_array_start = .)
 *(SORT_BY_NAME(.fini_array.*))
 *(.fini_array*)
 .fini_array    0x0000000008007b44        0x4 /opt/st/stm32cubeide_1.13.1/plugins/com.st.stm32cube.ide.mcu.externaltools.gnu-tools-for-stm32.11.3.rel1.linux64_1.1.0.202305231506/tools/bin/../lib/gcc/arm-none-eabi/11.3.1/thumb/v6-m/nofp/crtbegin.o
                [!provide]                        PROVIDE (__fini_array_end = .)
                0x0000000008007b48                . = ALIGN (0x4)
                0x0000000008007b48                _sidata = LOADADDR (.data)

.data           0x0000000020000000       0x10 load address 0x0000000008007b48
                0x0000000020000000                . = ALIGN (0x4)
                0x0000000020000000                _sdata = .
 *(.data)
 *(.data*)
 .data.fw_version
                0x0000000020000000        0x2 ./Core/Src/modbus_slave.o
 *fill*         0x0000000020000002        0x2 
 .data.SystemCoreClock
                0x0000000020000004        0x4 ./Core/Src/system_stm32g0xx.o
                0x0000000020000004                SystemCoreClock
 .data.uwTickPrio
                0x0000000020000008        0x4 ./Drivers/STM32G0xx_HAL_Driver/Src/stm32g0xx_hal.o
                0x0000000020000008                uwTickPrio
 .data.uwTickFreq
                0x000000002000000c        0x1 ./Drivers/STM32G0xx_HAL_Driver/Src/stm32g0xx_hal.o
                0x000000002000000c                uwTickFreq
 *(.RamFunc)
 *(.RamFunc*)
                0x0000000020000010                . = ALIGN (0x4)
 *fill*         0x000000002000000d        0x3 
                0x0000000020000010                _edata = .

.igot.plt       0x0000000020000010        0x0 load address 0x0000000008007b58
 .igot.plt      0x0000000020000010        0x0 /opt/st/stm32cubeide_1.13.1/plugins/com.st.stm32cube.ide.mcu.externaltools.gnu-tools-for-stm32.11.3.rel1.linux64_1.1.0.202305231506/tools/bin/../lib/gcc/arm-none-eabi/11.3.1/thumb/v6-m/nofp/crtbegin.o
                0x0000000020000010                . = ALIGN (0x4)

.bss            0x0000000020000010      0x440 load address 0x0000000008007b58
                0x0000000020000010                _sbss = .
                0x0000000020000010                __bss_start__ = _sbss
 *(.bss)
 .bss           0x0000000020000010       0x1c /opt/st/stm32cubeide_1.13.1/plugins/com.st.stm32cube.ide.mcu.externaltools.gnu-tools-for-stm32.11.3.rel1.linux64_1.1.0.202305231506/tools/bin/../lib/gcc/arm-none-eabi/11.3.1/thumb/v6-m/nofp/crtbegin.o
 *(.bss*)
 .bss.rx_buffer
                0x000000002000002c      0x100 ./Core/Src/modbus_slave.o
 .bss.rx_head   0x000000002000012c        0x2 ./Core/Src/modbus_slave.o
 .bss.rx_tail   0x000000002000012e        0x2 ./Core/Src/modbus_slave.o
 .bss.nmbs      0x0000000020000130      0x170 ./Core/Src/modbus_slave.o
 .bss.platform_conf
                0x00000000200002a0       0x1c ./Core/Src/modbus_slave.o
 .bss.callbacks
                0x00000000200002bc       0x38 ./Core/Src/modbus_slave.o
 .bss.uid_32bit
                0x00000000200002f4        0x4 ./Core/Src/modbus_slave.o
 .bss.hrtc      0x00000000200002f8       0x2c ./Core/Src/rtc.o
                0x00000000200002f8                hrtc
 .bss.huart1    0x0000000020000324       0x94 ./Core/Src/usart.o
                0x0000000020000324                huart1
 .bss.huart2    0x00000000200003b8       0x94 ./Core/Src/usart.o
                0x00000000200003b8                huart2
 .bss.uwTick    0x000000002000044c        0x4 ./Drivers/STM32G0xx_HAL_Driver/Src/stm32g0xx_hal.o
                0x000000002000044c                uwTick
 *(COMMON)
                0x0000000020000450                . = ALIGN (0x4)
                0x0000000020000450                _ebss = .
                0x0000000020000450                __bss_end__ = _ebss

._user_heap_stack
                0x0000000020000450      0x600 load address 0x0000000008007b58
                0x0000000020000450                . = ALIGN (0x8)
                [!provide]                        PROVIDE (end = .)
                0x0000000020000450                PROVIDE (_end = .)
                0x0000000020000650                . = (. + _Min_Heap_Size)
 *fill*         0x0000000020000450      0x200 
                0x0000000020000a50                . = (. + _Min_Stack_Size)
 *fill*         0x0000000020000650      0x400 
                0x0000000020000a50                . = ALIGN (0x8)

/DISCARD/
 libc.a(*)
 libm.a(*)
 libgcc.a(*)

.ARM.attributes
                0x0000000000000000       0x28
 *(.ARM.attributes)
 .ARM.attributes
                0x0000000000000000       0x1e /opt/st/stm32cubeide_1.13.1/plugins/com.st.stm32cube.ide.mcu.externaltools.gnu-tools-for-stm32.11.3.rel1.linux64_1.1.0.202305231506/tools/bin/../lib/gcc/arm-none-eabi/11.3.1/thumb/v6-m/nofp/crti.o
 .ARM.attributes
                0x000000000000001e       0x2c /opt/st/stm32cubeide_1.13.1/plugins/com.st.stm32cube.ide.mcu.externaltools.gnu-tools-for-stm32.11.3.rel1.linux64_1.1.0.202305231506/tools/bin/../lib/gcc/arm-none-eabi/11.3.1/thumb/v6-m/nofp/crtbegin.o
 .ARM.attributes
                0x000000000000004a       0x2c ./Core/Src/gpio.o
 .ARM.attributes
                0x0000000000000076       0x2c ./Core/Src/main.o
 .ARM.attributes
                0x00000000000000a2       0x2c ./Core/Src/modbus_slave.o
 .ARM.attributes
                0x00000000000000ce       0x2c ./Core/Src/nanomodbus.o
 .ARM.attributes
                0x00000000000000fa       0x2c ./Core/Src/rtc.o
 .ARM.attributes
                0x0000000000000126       0x2c ./Core/Src/stm32g0xx_hal_msp.o
 .ARM.attributes
                0x0000000000000152       0x2c ./Core/Src/stm32g0xx_it.o
 .ARM.attributes
                0x000000000000017e       0x2c ./Core/Src/system_stm32g0xx.o
 .ARM.attributes
                0x00000000000001aa       0x2c ./Core/Src/usart.o
 .ARM.attributes
                0x00000000000001d6       0x22 ./Core/Startup/startup_stm32g030f6px.o
 .ARM.attributes
                0x00000000000001f8       0x2c ./Drivers/STM32G0xx_HAL_Driver/Src/stm32g0xx_hal.o
 .ARM.attributes
                0x0000000000000224       0x2c ./Drivers/STM32G0xx_HAL_Driver/Src/stm32g0xx_hal_cortex.o
 .ARM.attributes
                0x0000000000000250       0x2c ./Drivers/STM32G0xx_HAL_Driver/Src/stm32g0xx_hal_dma.o
 .ARM.attributes
                0x000000000000027c       0x2c ./Drivers/STM32G0xx_HAL_Driver/Src/stm32g0xx_hal_gpio.o
 .ARM.attributes
                0x00000000000002a8       0x2c ./Drivers/STM32G0xx_HAL_Driver/Src/stm32g0xx_hal_pwr.o
 .ARM.attributes
                0x00000000000002d4       0x2c ./Drivers/STM32G0xx_HAL_Driver/Src/stm32g0xx_hal_pwr_ex.o
 .ARM.attributes
                0x0000000000000300       0x2c ./Drivers/STM32G0xx_HAL_Driver/Src/stm32g0xx_hal_rcc.o
 .ARM.attributes
                0x000000000000032c       0x2c ./Drivers/STM32G0xx_HAL_Driver/Src/stm32g0xx_hal_rcc_ex.o
 .ARM.attributes
                0x0000000000000358       0x2c ./Drivers/STM32G0xx_HAL_Driver/Src/stm32g0xx_hal_rtc.o
 .ARM.attributes
                0x0000000000000384       0x2c ./Drivers/STM32G0xx_HAL_Driver/Src/stm32g0xx_hal_uart.o
 .ARM.attributes
                0x00000000000003b0       0x2c ./Drivers/STM32G0xx_HAL_Driver/Src/stm32g0xx_hal_uart_ex.o
 .ARM.attributes
                0x00000000000003dc       0x2c /opt/st/stm32cubeide_1.13.1/plugins/com.st.stm32cube.ide.mcu.externaltools.gnu-tools-for-stm32.11.3.rel1.linux64_1.1.0.202305231506/tools/bin/../lib/gcc/arm-none-eabi/11.3.1/../../../../arm-none-eabi/lib/thumb/v6-m/nofp/libc_nano.a(libc_a-memcmp.o)
 .ARM.attributes
                0x0000000000000408       0x2c /opt/st/stm32cubeide_1.13.1/plugins/com.st.stm32cube.ide.mcu.externaltools.gnu-tools-for-stm32.11.3.rel1.linux64_1.1.0.202305231506/tools/bin/../lib/gcc/arm-none-eabi/11.3.1/../../../../arm-none-eabi/lib/thumb/v6-m/nofp/libc_nano.a(libc_a-memset.o)
 .ARM.attributes
                0x0000000000000434       0x2c /opt/st/stm32cubeide_1.13.1/plugins/com.st.stm32cube.ide.mcu.externaltools.gnu-tools-for-stm32.11.3.rel1.linux64_1.1.0.202305231506/tools/bin/../lib/gcc/arm-none-eabi/11.3.1/../../../../arm-none-eabi/lib/thumb/v6-m/nofp/libc_nano.a(libc_a-strncpy.o)
 .ARM.attributes
                0x0000000000000460       0x2c /opt/st/stm32cubeide_1.13.1/plugins/com.st.stm32cube.ide.mcu.externaltools.gnu-tools-for-stm32.11.3.rel1.linux64_1.1.0.202305231506/tools/bin/../lib/gcc/arm-none-eabi/11.3.1/../../../../arm-none-eabi/lib/thumb/v6-m/nofp/libc_nano.a(libc_a-init.o)
 .ARM.attributes
                0x000000000000048c       0x2c /opt/st/stm32cubeide_1.13.1/plugins/com.st.stm32cube.ide.mcu.externaltools.gnu-tools-for-stm32.11.3.rel1.linux64_1.1.0.202305231506/tools/bin/../lib/gcc/arm-none-eabi/11.3.1/../../../../arm-none-eabi/lib/thumb/v6-m/nofp/libc_nano.a(libc_a-memcpy-stub.o)
 .ARM.attributes
                0x00000000000004b8       0x1c /opt/st/stm32cubeide_1.13.1/plugins/com.st.stm32cube.ide.mcu.externaltools.gnu-tools-for-stm32.11.3.rel1.linux64_1.1.0.202305231506/tools/bin/../lib/gcc/arm-none-eabi/11.3.1/../../../../arm-none-eabi/lib/thumb/v6-m/nofp/libc_nano.a(libc_a-strlen.o)
 .ARM.attributes
                0x00000000000004d4       0x1e /opt/st/stm32cubeide_1.13.1/plugins/com.st.stm32cube.ide.mcu.externaltools.gnu-tools-for-stm32.11.3.rel1.linux64_1.1.0.202305231506/tools/bin/../lib/gcc/arm-none-eabi/11.3.1/thumb/v6-m/nofp/libgcc.a(_udivsi3.o)
 .ARM.attributes
                0x00000000000004f2       0x1e /opt/st/stm32cubeide_1.13.1/plugins/com.st.stm32cube.ide.mcu.externaltools.gnu-tools-for-stm32.11.3.rel1.linux64_1.1.0.202305231506/tools/bin/../lib/gcc/arm-none-eabi/11.3.1/thumb/v6-m/nofp/libgcc.a(_divsi3.o)
 .ARM.attributes
                0x0000000000000510       0x1e /opt/st/stm32cubeide_1.13.1/plugins/com.st.stm32cube.ide.mcu.externaltools.gnu-tools-for-stm32.11.3.rel1.linux64_1.1.0.202305231506/tools/bin/../lib/gcc/arm-none-eabi/11.3.1/thumb/v6-m/nofp/libgcc.a(_dvmd_tls.o)
 .ARM.attributes
                0x000000000000052e       0x1e /opt/st/stm32cubeide_1.13.1/plugins/com.st.stm32cube.ide.mcu.externaltools.gnu-tools-for-stm32.11.3.rel1.linux64_1.1.0.202305231506/tools/bin/../lib/gcc/arm-none-eabi/11.3.1/thumb/v6-m/nofp/crtn.o
OUTPUT(01-RTC.elf elf32-littlearm)
LOAD linker stubs
LOAD /opt/st/stm32cubeide_1.13.1/plugins/com.st.stm32cube.ide.mcu.externaltools.gnu-tools-for-stm32.11.3.rel1.linux64_1.1.0.202305231506/tools/bin/../lib/gcc/arm-none-eabi/11.3.1/../../../../arm-none-eabi/lib/thumb/v6-m/nofp/libc.a
LOAD /opt/st/stm32cubeide_1.13.1/plugins/com.st.stm32cube.ide.mcu.externaltools.gnu-tools-for-stm32.11.3.rel1.linux64_1.1.0.202305231506/tools/bin/../lib/gcc/arm-none-eabi/11.3.1/../../../../arm-none-eabi/lib/thumb/v6-m/nofp/libm.a
LOAD /opt/st/stm32cubeide_1.13.1/plugins/com.st.stm32cube.ide.mcu.externaltools.gnu-tools-for-stm32.11.3.rel1.linux64_1.1.0.202305231506/tools/bin/../lib/gcc/arm-none-eabi/11.3.1/thumb/v6-m/nofp/libgcc.a

.comment        0x0000000000000000       0x43
 .comment       0x0000000000000000       0x43 /opt/st/stm32cubeide_1.13.1/plugins/com.st.stm32cube.ide.mcu.externaltools.gnu-tools-for-stm32.11.3.rel1.linux64_1.1.0.202305231506/tools/bin/../lib/gcc/arm-none-eabi/11.3.1/thumb/v6-m/nofp/crtbegin.o
                                         0x44 (size before relaxing)
 .comment       0x0000000000000043       0x44 ./Core/Src/gpio.o
 .comment       0x0000000000000043       0x44 ./Core/Src/main.o
 .comment       0x0000000000000043       0x44 ./Core/Src/modbus_slave.o
 .comment       0x0000000000000043       0x44 ./Core/Src/nanomodbus.o
 .comment       0x0000000000000043       0x44 ./Core/Src/rtc.o
 .comment       0x0000000000000043       0x44 ./Core/Src/stm32g0xx_hal_msp.o
 .comment       0x0000000000000043       0x44 ./Core/Src/stm32g0xx_it.o
 .comment       0x0000000000000043       0x44 ./Core/Src/system_stm32g0xx.o
 .comment       0x0000000000000043       0x44 ./Core/Src/usart.o
 .comment       0x0000000000000043       0x44 ./Drivers/STM32G0xx_HAL_Driver/Src/stm32g0xx_hal.o
 .comment       0x0000000000000043       0x44 ./Drivers/STM32G0xx_HAL_Driver/Src/stm32g0xx_hal_cortex.o
 .comment       0x0000000000000043       0x44 ./Drivers/STM32G0xx_HAL_Driver/Src/stm32g0xx_hal_dma.o
 .comment       0x0000000000000043       0x44 ./Drivers/STM32G0xx_HAL_Driver/Src/stm32g0xx_hal_gpio.o
 .comment       0x0000000000000043       0x44 ./Drivers/STM32G0xx_HAL_Driver/Src/stm32g0xx_hal_pwr.o
 .comment       0x0000000000000043       0x44 ./Drivers/STM32G0xx_HAL_Driver/Src/stm32g0xx_hal_pwr_ex.o
 .comment       0x0000000000000043       0x44 ./Drivers/STM32G0xx_HAL_Driver/Src/stm32g0xx_hal_rcc.o
 .comment       0x0000000000000043       0x44 ./Drivers/STM32G0xx_HAL_Driver/Src/stm32g0xx_hal_rcc_ex.o
 .comment       0x0000000000000043       0x44 ./Drivers/STM32G0xx_HAL_Driver/Src/stm32g0xx_hal_rtc.o
 .comment       0x0000000000000043       0x44 ./Drivers/STM32G0xx_HAL_Driver/Src/stm32g0xx_hal_uart.o
 .comment       0x0000000000000043       0x44 ./Drivers/STM32G0xx_HAL_Driver/Src/stm32g0xx_hal_uart_ex.o

.debug_info     0x0000000000000000    0x106b7
 .debug_info    0x0000000000000000      0x265 ./Core/Src/gpio.o
 .debug_info    0x0000000000000265      0x4d2 ./Core/Src/main.o
 .debug_info    0x0000000000000737     0x1214 ./Core/Src/modbus_slave.o
 .debug_info    0x000000000000194b     0x2ab0 ./Core/Src/nanomodbus.o
 .debug_info    0x00000000000043fb      0x72d ./Core/Src/rtc.o
 .debug_info    0x0000000000004b28      0x278 ./Core/Src/stm32g0xx_hal_msp.o
 .debug_info    0x0000000000004da0      0x7e0 ./Core/Src/stm32g0xx_it.o
 .debug_info    0x0000000000005580      0x316 ./Core/Src/system_stm32g0xx.o
 .debug_info    0x0000000000005896      0xd5b ./Core/Src/usart.o
 .debug_info    0x00000000000065f1       0x23 ./Core/Startup/startup_stm32g030f6px.o
 .debug_info    0x0000000000006614      0x8f0 ./Drivers/STM32G0xx_HAL_Driver/Src/stm32g0xx_hal.o
 .debug_info    0x0000000000006f04      0x8a9 ./Drivers/STM32G0xx_HAL_Driver/Src/stm32g0xx_hal_cortex.o
 .debug_info    0x00000000000077ad      0x86b ./Drivers/STM32G0xx_HAL_Driver/Src/stm32g0xx_hal_dma.o
 .debug_info    0x0000000000008018      0x5ac ./Drivers/STM32G0xx_HAL_Driver/Src/stm32g0xx_hal_gpio.o
 .debug_info    0x00000000000085c4      0x5aa ./Drivers/STM32G0xx_HAL_Driver/Src/stm32g0xx_hal_pwr.o
 .debug_info    0x0000000000008b6e      0x496 ./Drivers/STM32G0xx_HAL_Driver/Src/stm32g0xx_hal_pwr_ex.o
 .debug_info    0x0000000000009004      0xae9 ./Drivers/STM32G0xx_HAL_Driver/Src/stm32g0xx_hal_rcc.o
 .debug_info    0x0000000000009aed      0x73e ./Drivers/STM32G0xx_HAL_Driver/Src/stm32g0xx_hal_rcc_ex.o
 .debug_info    0x000000000000a22b      0xc86 ./Drivers/STM32G0xx_HAL_Driver/Src/stm32g0xx_hal_rtc.o
 .debug_info    0x000000000000aeb1     0x4872 ./Drivers/STM32G0xx_HAL_Driver/Src/stm32g0xx_hal_uart.o
 .debug_info    0x000000000000f723      0xf94 ./Drivers/STM32G0xx_HAL_Driver/Src/stm32g0xx_hal_uart_ex.o

.debug_abbrev   0x0000000000000000     0x2a2f
 .debug_abbrev  0x0000000000000000       0xdd ./Core/Src/gpio.o
 .debug_abbrev  0x00000000000000dd      0x1a3 ./Core/Src/main.o
 .debug_abbrev  0x0000000000000280      0x30f ./Core/Src/modbus_slave.o
 .debug_abbrev  0x000000000000058f      0x3aa ./Core/Src/nanomodbus.o
 .debug_abbrev  0x0000000000000939      0x1bc ./Core/Src/rtc.o
 .debug_abbrev  0x0000000000000af5       0xf9 ./Core/Src/stm32g0xx_hal_msp.o
 .debug_abbrev  0x0000000000000bee      0x1b8 ./Core/Src/stm32g0xx_it.o
 .debug_abbrev  0x0000000000000da6      0x119 ./Core/Src/system_stm32g0xx.o
 .debug_abbrev  0x0000000000000ebf      0x233 ./Core/Src/usart.o
 .debug_abbrev  0x00000000000010f2       0x12 ./Core/Startup/startup_stm32g030f6px.o
 .debug_abbrev  0x0000000000001104      0x2b4 ./Drivers/STM32G0xx_HAL_Driver/Src/stm32g0xx_hal.o
 .debug_abbrev  0x00000000000013b8      0x2ab ./Drivers/STM32G0xx_HAL_Driver/Src/stm32g0xx_hal_cortex.o
 .debug_abbrev  0x0000000000001663      0x1e1 ./Drivers/STM32G0xx_HAL_Driver/Src/stm32g0xx_hal_dma.o
 .debug_abbrev  0x0000000000001844      0x1c3 ./Drivers/STM32G0xx_HAL_Driver/Src/stm32g0xx_hal_gpio.o
 .debug_abbrev  0x0000000000001a07      0x172 ./Drivers/STM32G0xx_HAL_Driver/Src/stm32g0xx_hal_pwr.o
 .debug_abbrev  0x0000000000001b79      0x1d7 ./Drivers/STM32G0xx_HAL_Driver/Src/stm32g0xx_hal_pwr_ex.o
 .debug_abbrev  0x0000000000001d50      0x2a9 ./Drivers/STM32G0xx_HAL_Driver/Src/stm32g0xx_hal_rcc.o
 .debug_abbrev  0x0000000000001ff9      0x22b ./Drivers/STM32G0xx_HAL_Driver/Src/stm32g0xx_hal_rcc_ex.o
 .debug_abbrev  0x0000000000002224      0x200 ./Drivers/STM32G0xx_HAL_Driver/Src/stm32g0xx_hal_rtc.o
 .debug_abbrev  0x0000000000002424      0x326 ./Drivers/STM32G0xx_HAL_Driver/Src/stm32g0xx_hal_uart.o
 .debug_abbrev  0x000000000000274a      0x2e5 ./Drivers/STM32G0xx_HAL_Driver/Src/stm32g0xx_hal_uart_ex.o

.debug_aranges  0x0000000000000000      0xd30
 .debug_aranges
                0x0000000000000000       0x20 ./Core/Src/gpio.o
 .debug_aranges
                0x0000000000000020       0x30 ./Core/Src/main.o
 .debug_aranges
                0x0000000000000050       0x60 ./Core/Src/modbus_slave.o
 .debug_aranges
                0x00000000000000b0      0x2c0 ./Core/Src/nanomodbus.o
 .debug_aranges
                0x0000000000000370       0x30 ./Core/Src/rtc.o
 .debug_aranges
                0x00000000000003a0       0x20 ./Core/Src/stm32g0xx_hal_msp.o
 .debug_aranges
                0x00000000000003c0       0x48 ./Core/Src/stm32g0xx_it.o
 .debug_aranges
                0x0000000000000408       0x28 ./Core/Src/system_stm32g0xx.o
 .debug_aranges
                0x0000000000000430       0x38 ./Core/Src/usart.o
 .debug_aranges
                0x0000000000000468       0x28 ./Core/Startup/startup_stm32g030f6px.o
 .debug_aranges
                0x0000000000000490      0x100 ./Drivers/STM32G0xx_HAL_Driver/Src/stm32g0xx_hal.o
 .debug_aranges
                0x0000000000000590       0xe8 ./Drivers/STM32G0xx_HAL_Driver/Src/stm32g0xx_hal_cortex.o
 .debug_aranges
                0x0000000000000678       0x90 ./Drivers/STM32G0xx_HAL_Driver/Src/stm32g0xx_hal_dma.o
 .debug_aranges
                0x0000000000000708       0x60 ./Drivers/STM32G0xx_HAL_Driver/Src/stm32g0xx_hal_gpio.o
 .debug_aranges
                0x0000000000000768       0x78 ./Drivers/STM32G0xx_HAL_Driver/Src/stm32g0xx_hal_pwr.o
 .debug_aranges
                0x00000000000007e0       0x98 ./Drivers/STM32G0xx_HAL_Driver/Src/stm32g0xx_hal_pwr_ex.o
 .debug_aranges
                0x0000000000000878       0xa0 ./Drivers/STM32G0xx_HAL_Driver/Src/stm32g0xx_hal_rcc.o
 .debug_aranges
                0x0000000000000918       0x40 ./Drivers/STM32G0xx_HAL_Driver/Src/stm32g0xx_hal_rcc_ex.o
 .debug_aranges
                0x0000000000000958       0xe8 ./Drivers/STM32G0xx_HAL_Driver/Src/stm32g0xx_hal_rtc.o
 .debug_aranges
                0x0000000000000a40      0x248 ./Drivers/STM32G0xx_HAL_Driver/Src/stm32g0xx_hal_uart.o
 .debug_aranges
                0x0000000000000c88       0xa8 ./Drivers/STM32G0xx_HAL_Driver/Src/stm32g0xx_hal_uart_ex.o

.debug_rnglists
                0x0000000000000000      0xa2f
 .debug_rnglists
                0x0000000000000000       0x13 ./Core/Src/gpio.o
 .debug_rnglists
                0x0000000000000013       0x20 ./Core/Src/main.o
 .debug_rnglists
                0x0000000000000033       0x48 ./Core/Src/modbus_slave.o
 .debug_rnglists
                0x000000000000007b      0x23c ./Core/Src/nanomodbus.o
 .debug_rnglists
                0x00000000000002b7       0x20 ./Core/Src/rtc.o
 .debug_rnglists
                0x00000000000002d7       0x13 ./Core/Src/stm32g0xx_hal_msp.o
 .debug_rnglists
                0x00000000000002ea       0x31 ./Core/Src/stm32g0xx_it.o
 .debug_rnglists
                0x000000000000031b       0x1a ./Core/Src/system_stm32g0xx.o
 .debug_rnglists
                0x0000000000000335       0x27 ./Core/Src/usart.o
 .debug_rnglists
                0x000000000000035c       0x19 ./Core/Startup/startup_stm32g030f6px.o
 .debug_rnglists
                0x0000000000000375       0xbc ./Drivers/STM32G0xx_HAL_Driver/Src/stm32g0xx_hal.o
 .debug_rnglists
                0x0000000000000431       0xaa ./Drivers/STM32G0xx_HAL_Driver/Src/stm32g0xx_hal_cortex.o
 .debug_rnglists
                0x00000000000004db       0x72 ./Drivers/STM32G0xx_HAL_Driver/Src/stm32g0xx_hal_dma.o
 .debug_rnglists
                0x000000000000054d       0x45 ./Drivers/STM32G0xx_HAL_Driver/Src/stm32g0xx_hal_gpio.o
 .debug_rnglists
                0x0000000000000592       0x55 ./Drivers/STM32G0xx_HAL_Driver/Src/stm32g0xx_hal_pwr.o
 .debug_rnglists
                0x00000000000005e7       0x72 ./Drivers/STM32G0xx_HAL_Driver/Src/stm32g0xx_hal_pwr_ex.o
 .debug_rnglists
                0x0000000000000659       0x79 ./Drivers/STM32G0xx_HAL_Driver/Src/stm32g0xx_hal_rcc.o
 .debug_rnglists
                0x00000000000006d2       0x2f ./Drivers/STM32G0xx_HAL_Driver/Src/stm32g0xx_hal_rcc_ex.o
 .debug_rnglists
                0x0000000000000701       0xb5 ./Drivers/STM32G0xx_HAL_Driver/Src/stm32g0xx_hal_rtc.o
 .debug_rnglists
                0x00000000000007b6      0x1f9 ./Drivers/STM32G0xx_HAL_Driver/Src/stm32g0xx_hal_uart.o
 .debug_rnglists
                0x00000000000009af       0x80 ./Drivers/STM32G0xx_HAL_Driver/Src/stm32g0xx_hal_uart_ex.o

.debug_macro    0x0000000000000000    0x15cfb
 .debug_macro   0x0000000000000000      0x1f8 ./Core/Src/gpio.o
 .debug_macro   0x00000000000001f8      0xa7e ./Core/Src/gpio.o
 .debug_macro   0x0000000000000c76      0x11d ./Core/Src/gpio.o
 .debug_macro   0x0000000000000d93       0x2e ./Core/Src/gpio.o
 .debug_macro   0x0000000000000dc1       0x28 ./Core/Src/gpio.o
 .debug_macro   0x0000000000000de9       0x22 ./Core/Src/gpio.o
 .debug_macro   0x0000000000000e0b       0x8e ./Core/Src/gpio.o
 .debug_macro   0x0000000000000e99       0x51 ./Core/Src/gpio.o
 .debug_macro   0x0000000000000eea      0x103 ./Core/Src/gpio.o
 .debug_macro   0x0000000000000fed       0x6a ./Core/Src/gpio.o
 .debug_macro   0x0000000000001057      0x1df ./Core/Src/gpio.o
 .debug_macro   0x0000000000001236       0x1c ./Core/Src/gpio.o
 .debug_macro   0x0000000000001252       0x22 ./Core/Src/gpio.o
 .debug_macro   0x0000000000001274       0xd1 ./Core/Src/gpio.o
 .debug_macro   0x0000000000001345      0x4da ./Core/Src/gpio.o
 .debug_macro   0x000000000000181f      0x11f ./Core/Src/gpio.o
 .debug_macro   0x000000000000193e     0xa120 ./Core/Src/gpio.o
 .debug_macro   0x000000000000ba5e       0x66 ./Core/Src/gpio.o
 .debug_macro   0x000000000000bac4     0x3512 ./Core/Src/gpio.o
 .debug_macro   0x000000000000efd6      0x174 ./Core/Src/gpio.o
 .debug_macro   0x000000000000f14a       0x5c ./Core/Src/gpio.o
 .debug_macro   0x000000000000f1a6      0x462 ./Core/Src/gpio.o
 .debug_macro   0x000000000000f608      0xe1a ./Core/Src/gpio.o
 .debug_macro   0x0000000000010422      0x106 ./Core/Src/gpio.o
 .debug_macro   0x0000000000010528      0x1cf ./Core/Src/gpio.o
 .debug_macro   0x00000000000106f7       0xff ./Core/Src/gpio.o
 .debug_macro   0x00000000000107f6      0x33c ./Core/Src/gpio.o
 .debug_macro   0x0000000000010b32      0x202 ./Core/Src/gpio.o
 .debug_macro   0x0000000000010d34      0x2c7 ./Core/Src/gpio.o
 .debug_macro   0x0000000000010ffb      0x198 ./Core/Src/gpio.o
 .debug_macro   0x0000000000011193       0x43 ./Core/Src/gpio.o
 .debug_macro   0x00000000000111d6      0x1f1 ./Core/Src/gpio.o
 .debug_macro   0x00000000000113c7      0x1d6 ./Core/Src/gpio.o
 .debug_macro   0x000000000001159d      0x2a3 ./Core/Src/gpio.o
 .debug_macro   0x0000000000011840       0x28 ./Core/Src/gpio.o
 .debug_macro   0x0000000000011868       0xcf ./Core/Src/gpio.o
 .debug_macro   0x0000000000011937       0xff ./Core/Src/gpio.o
 .debug_macro   0x0000000000011a36      0x10d ./Core/Src/gpio.o
 .debug_macro   0x0000000000011b43      0x328 ./Core/Src/gpio.o
 .debug_macro   0x0000000000011e6b      0x432 ./Core/Src/gpio.o
 .debug_macro   0x000000000001229d       0xf2 ./Core/Src/gpio.o
 .debug_macro   0x000000000001238f      0x693 ./Core/Src/gpio.o
 .debug_macro   0x0000000000012a22       0xa6 ./Core/Src/gpio.o
 .debug_macro   0x0000000000012ac8      0x412 ./Core/Src/gpio.o
 .debug_macro   0x0000000000012eda      0x219 ./Core/Src/main.o
 .debug_macro   0x00000000000130f3       0x10 ./Core/Src/main.o
 .debug_macro   0x0000000000013103      0x2fe ./Core/Src/modbus_slave.o
 .debug_macro   0x0000000000013401       0x22 ./Core/Src/modbus_slave.o
 .debug_macro   0x0000000000013423       0x3b ./Core/Src/modbus_slave.o
 .debug_macro   0x000000000001345e       0x61 ./Core/Src/modbus_slave.o
 .debug_macro   0x00000000000134bf       0x24 ./Core/Src/modbus_slave.o
 .debug_macro   0x00000000000134e3       0x43 ./Core/Src/modbus_slave.o
 .debug_macro   0x0000000000013526       0x34 ./Core/Src/modbus_slave.o
 .debug_macro   0x000000000001355a       0x16 ./Core/Src/modbus_slave.o
 .debug_macro   0x0000000000013570       0x43 ./Core/Src/modbus_slave.o
 .debug_macro   0x00000000000135b3       0x34 ./Core/Src/modbus_slave.o
 .debug_macro   0x00000000000135e7       0x10 ./Core/Src/modbus_slave.o
 .debug_macro   0x00000000000135f7       0x58 ./Core/Src/modbus_slave.o
 .debug_macro   0x000000000001364f       0x8e ./Core/Src/modbus_slave.o
 .debug_macro   0x00000000000136dd       0x1c ./Core/Src/modbus_slave.o
 .debug_macro   0x00000000000136f9      0x177 ./Core/Src/modbus_slave.o
 .debug_macro   0x0000000000013870      0x369 ./Core/Src/modbus_slave.o
 .debug_macro   0x0000000000013bd9       0x10 ./Core/Src/modbus_slave.o
 .debug_macro   0x0000000000013be9       0x35 ./Core/Src/modbus_slave.o
 .debug_macro   0x0000000000013c1e       0x20 ./Core/Src/modbus_slave.o
 .debug_macro   0x0000000000013c3e      0x15a ./Core/Src/nanomodbus.o
 .debug_macro   0x0000000000013d98      0x1f8 ./Core/Src/rtc.o
 .debug_macro   0x0000000000013f90      0x1ee ./Core/Src/stm32g0xx_hal_msp.o
 .debug_macro   0x000000000001417e      0x20c ./Core/Src/stm32g0xx_it.o
 .debug_macro   0x000000000001438a      0x1e4 ./Core/Src/system_stm32g0xx.o
 .debug_macro   0x000000000001456e      0x1f8 ./Core/Src/usart.o
 .debug_macro   0x0000000000014766      0x202 ./Drivers/STM32G0xx_HAL_Driver/Src/stm32g0xx_hal.o
 .debug_macro   0x0000000000014968      0x1e4 ./Drivers/STM32G0xx_HAL_Driver/Src/stm32g0xx_hal_cortex.o
 .debug_macro   0x0000000000014b4c      0x1e4 ./Drivers/STM32G0xx_HAL_Driver/Src/stm32g0xx_hal_dma.o
 .debug_macro   0x0000000000014d30      0x1eb ./Drivers/STM32G0xx_HAL_Driver/Src/stm32g0xx_hal_gpio.o
 .debug_macro   0x0000000000014f1b      0x1e4 ./Drivers/STM32G0xx_HAL_Driver/Src/stm32g0xx_hal_pwr.o
 .debug_macro   0x00000000000150ff      0x1f6 ./Drivers/STM32G0xx_HAL_Driver/Src/stm32g0xx_hal_pwr_ex.o
 .debug_macro   0x00000000000152f5      0x226 ./Drivers/STM32G0xx_HAL_Driver/Src/stm32g0xx_hal_rcc.o
 .debug_macro   0x000000000001551b      0x1fc ./Drivers/STM32G0xx_HAL_Driver/Src/stm32g0xx_hal_rcc_ex.o
 .debug_macro   0x0000000000015717      0x1e5 ./Drivers/STM32G0xx_HAL_Driver/Src/stm32g0xx_hal_rtc.o
 .debug_macro   0x00000000000158fc      0x20f ./Drivers/STM32G0xx_HAL_Driver/Src/stm32g0xx_hal_uart.o
 .debug_macro   0x0000000000015b0b      0x1f0 ./Drivers/STM32G0xx_HAL_Driver/Src/stm32g0xx_hal_uart_ex.o

.debug_line     0x0000000000000000    0x108c9
 .debug_line    0x0000000000000000      0x6cb ./Core/Src/gpio.o
 .debug_line    0x00000000000006cb      0x779 ./Core/Src/main.o
 .debug_line    0x0000000000000e44      0xa7b ./Core/Src/modbus_slave.o
 .debug_line    0x00000000000018bf     0x20f3 ./Core/Src/nanomodbus.o
 .debug_line    0x00000000000039b2      0x767 ./Core/Src/rtc.o
 .debug_line    0x0000000000004119      0x6d1 ./Core/Src/stm32g0xx_hal_msp.o
 .debug_line    0x00000000000047ea      0x75e ./Core/Src/stm32g0xx_it.o
 .debug_line    0x0000000000004f48      0x741 ./Core/Src/system_stm32g0xx.o
 .debug_line    0x0000000000005689      0x7e1 ./Core/Src/usart.o
 .debug_line    0x0000000000005e6a       0x7b ./Core/Startup/startup_stm32g030f6px.o
 .debug_line    0x0000000000005ee5      0x9fc ./Drivers/STM32G0xx_HAL_Driver/Src/stm32g0xx_hal.o
 .debug_line    0x00000000000068e1      0xb26 ./Drivers/STM32G0xx_HAL_Driver/Src/stm32g0xx_hal_cortex.o
 .debug_line    0x0000000000007407      0xd18 ./Drivers/STM32G0xx_HAL_Driver/Src/stm32g0xx_hal_dma.o
 .debug_line    0x000000000000811f      0xae4 ./Drivers/STM32G0xx_HAL_Driver/Src/stm32g0xx_hal_gpio.o
 .debug_line    0x0000000000008c03      0x829 ./Drivers/STM32G0xx_HAL_Driver/Src/stm32g0xx_hal_pwr.o
 .debug_line    0x000000000000942c      0x90c ./Drivers/STM32G0xx_HAL_Driver/Src/stm32g0xx_hal_pwr_ex.o
 .debug_line    0x0000000000009d38      0xea2 ./Drivers/STM32G0xx_HAL_Driver/Src/stm32g0xx_hal_rcc.o
 .debug_line    0x000000000000abda      0xa4f ./Drivers/STM32G0xx_HAL_Driver/Src/stm32g0xx_hal_rcc_ex.o
 .debug_line    0x000000000000b629     0x10df ./Drivers/STM32G0xx_HAL_Driver/Src/stm32g0xx_hal_rtc.o
 .debug_line    0x000000000000c708     0x3449 ./Drivers/STM32G0xx_HAL_Driver/Src/stm32g0xx_hal_uart.o
 .debug_line    0x000000000000fb51      0xd78 ./Drivers/STM32G0xx_HAL_Driver/Src/stm32g0xx_hal_uart_ex.o

.debug_str      0x0000000000000000    0x86815
 .debug_str     0x0000000000000000    0x7f254 ./Core/Src/gpio.o
                                      0x7f746 (size before relaxing)
 .debug_str     0x000000000007f254      0x27e ./Core/Src/main.o
                                      0x7f9aa (size before relaxing)
 .debug_str     0x000000000007f4d2     0x3d52 ./Core/Src/modbus_slave.o
                                      0x83623 (size before relaxing)
 .debug_str     0x0000000000083224      0xb8c ./Core/Src/nanomodbus.o
                                       0x843b (size before relaxing)
 .debug_str     0x0000000000083db0      0x308 ./Core/Src/rtc.o
                                      0x7fae4 (size before relaxing)
 .debug_str     0x00000000000840b8       0x43 ./Core/Src/stm32g0xx_hal_msp.o
                                      0x7f75d (size before relaxing)
 .debug_str     0x00000000000840fb       0xa8 ./Core/Src/stm32g0xx_it.o
                                      0x7fc7f (size before relaxing)
 .debug_str     0x00000000000841a3       0x8e ./Core/Src/system_stm32g0xx.o
                                      0x7f797 (size before relaxing)
 .debug_str     0x0000000000084231      0x2c9 ./Core/Src/usart.o
                                      0x80091 (size before relaxing)
 .debug_str     0x00000000000844fa       0x34 ./Core/Startup/startup_stm32g030f6px.o
                                         0x99 (size before relaxing)
 .debug_str     0x000000000008452e      0x431 ./Drivers/STM32G0xx_HAL_Driver/Src/stm32g0xx_hal.o
                                      0x7fe29 (size before relaxing)
 .debug_str     0x000000000008495f      0x283 ./Drivers/STM32G0xx_HAL_Driver/Src/stm32g0xx_hal_cortex.o
                                      0x7fbe9 (size before relaxing)
 .debug_str     0x0000000000084be2      0x2bf ./Drivers/STM32G0xx_HAL_Driver/Src/stm32g0xx_hal_dma.o
                                      0x7fc31 (size before relaxing)
 .debug_str     0x0000000000084ea1      0x13d ./Drivers/STM32G0xx_HAL_Driver/Src/stm32g0xx_hal_gpio.o
                                      0x7f8cc (size before relaxing)
 .debug_str     0x0000000000084fde      0x203 ./Drivers/STM32G0xx_HAL_Driver/Src/stm32g0xx_hal_pwr.o
                                      0x7f98c (size before relaxing)
 .debug_str     0x00000000000851e1      0x198 ./Drivers/STM32G0xx_HAL_Driver/Src/stm32g0xx_hal_pwr_ex.o
                                      0x7f9eb (size before relaxing)
 .debug_str     0x0000000000085379      0x4a8 ./Drivers/STM32G0xx_HAL_Driver/Src/stm32g0xx_hal_rcc.o
                                      0x7febb (size before relaxing)
 .debug_str     0x0000000000085821      0x152 ./Drivers/STM32G0xx_HAL_Driver/Src/stm32g0xx_hal_rcc_ex.o
                                      0x7fad3 (size before relaxing)
 .debug_str     0x0000000000085973      0x29f ./Drivers/STM32G0xx_HAL_Driver/Src/stm32g0xx_hal_rtc.o
                                      0x7fc61 (size before relaxing)
 .debug_str     0x0000000000085c12      0x9a9 ./Drivers/STM32G0xx_HAL_Driver/Src/stm32g0xx_hal_uart.o
                                      0x80762 (size before relaxing)
 .debug_str     0x00000000000865bb      0x25a ./Drivers/STM32G0xx_HAL_Driver/Src/stm32g0xx_hal_uart_ex.o
                                      0x80021 (size before relaxing)

.debug_frame    0x0000000000000000     0x2ef8
 .debug_frame   0x0000000000000000       0x30 ./Core/Src/gpio.o
 .debug_frame   0x0000000000000030       0x68 ./Core/Src/main.o
 .debug_frame   0x0000000000000098      0x128 ./Core/Src/modbus_slave.o
 .debug_frame   0x00000000000001c0      0xb8c ./Core/Src/nanomodbus.o
 .debug_frame   0x0000000000000d4c       0x70 ./Core/Src/rtc.o
 .debug_frame   0x0000000000000dbc       0x30 ./Core/Src/stm32g0xx_hal_msp.o
 .debug_frame   0x0000000000000dec       0xb8 ./Core/Src/stm32g0xx_it.o
 .debug_frame   0x0000000000000ea4       0x4c ./Core/Src/system_stm32g0xx.o
 .debug_frame   0x0000000000000ef0       0x88 ./Core/Src/usart.o
 .debug_frame   0x0000000000000f78      0x360 ./Drivers/STM32G0xx_HAL_Driver/Src/stm32g0xx_hal.o
 .debug_frame   0x00000000000012d8      0x33c ./Drivers/STM32G0xx_HAL_Driver/Src/stm32g0xx_hal_cortex.o
 .debug_frame   0x0000000000001614      0x1f0 ./Drivers/STM32G0xx_HAL_Driver/Src/stm32g0xx_hal_dma.o
 .debug_frame   0x0000000000001804      0x130 ./Drivers/STM32G0xx_HAL_Driver/Src/stm32g0xx_hal_gpio.o
 .debug_frame   0x0000000000001934      0x170 ./Drivers/STM32G0xx_HAL_Driver/Src/stm32g0xx_hal_pwr.o
 .debug_frame   0x0000000000001aa4      0x1f4 ./Drivers/STM32G0xx_HAL_Driver/Src/stm32g0xx_hal_pwr_ex.o
 .debug_frame   0x0000000000001c98      0x214 ./Drivers/STM32G0xx_HAL_Driver/Src/stm32g0xx_hal_rcc.o
 .debug_frame   0x0000000000001eac       0xb4 ./Drivers/STM32G0xx_HAL_Driver/Src/stm32g0xx_hal_rcc_ex.o
 .debug_frame   0x0000000000001f60      0x360 ./Drivers/STM32G0xx_HAL_Driver/Src/stm32g0xx_hal_rtc.o
 .debug_frame   0x00000000000022c0      0x8d4 ./Drivers/STM32G0xx_HAL_Driver/Src/stm32g0xx_hal_uart.o
 .debug_frame   0x0000000000002b94      0x258 ./Drivers/STM32G0xx_HAL_Driver/Src/stm32g0xx_hal_uart_ex.o
 .debug_frame   0x0000000000002dec       0x2c /opt/st/stm32cubeide_1.13.1/plugins/com.st.stm32cube.ide.mcu.externaltools.gnu-tools-for-stm32.11.3.rel1.linux64_1.1.0.202305231506/tools/bin/../lib/gcc/arm-none-eabi/11.3.1/../../../../arm-none-eabi/lib/thumb/v6-m/nofp/libc_nano.a(libc_a-memcmp.o)
 .debug_frame   0x0000000000002e18       0x20 /opt/st/stm32cubeide_1.13.1/plugins/com.st.stm32cube.ide.mcu.externaltools.gnu-tools-for-stm32.11.3.rel1.linux64_1.1.0.202305231506/tools/bin/../lib/gcc/arm-none-eabi/11.3.1/../../../../arm-none-eabi/lib/thumb/v6-m/nofp/libc_nano.a(libc_a-memset.o)
 .debug_frame   0x0000000000002e38       0x2c /opt/st/stm32cubeide_1.13.1/plugins/com.st.stm32cube.ide.mcu.externaltools.gnu-tools-for-stm32.11.3.rel1.linux64_1.1.0.202305231506/tools/bin/../lib/gcc/arm-none-eabi/11.3.1/../../../../arm-none-eabi/lib/thumb/v6-m/nofp/libc_nano.a(libc_a-strncpy.o)
 .debug_frame   0x0000000000002e64       0x2c /opt/st/stm32cubeide_1.13.1/plugins/com.st.stm32cube.ide.mcu.externaltools.gnu-tools-for-stm32.11.3.rel1.linux64_1.1.0.202305231506/tools/bin/../lib/gcc/arm-none-eabi/11.3.1/../../../../arm-none-eabi/lib/thumb/v6-m/nofp/libc_nano.a(libc_a-init.o)
 .debug_frame   0x0000000000002e90       0x28 /opt/st/stm32cubeide_1.13.1/plugins/com.st.stm32cube.ide.mcu.externaltools.gnu-tools-for-stm32.11.3.rel1.linux64_1.1.0.202305231506/tools/bin/../lib/gcc/arm-none-eabi/11.3.1/../../../../arm-none-eabi/lib/thumb/v6-m/nofp/libc_nano.a(libc_a-memcpy-stub.o)
 .debug_frame   0x0000000000002eb8       0x20 /opt/st/stm32cubeide_1.13.1/plugins/com.st.stm32cube.ide.mcu.externaltools.gnu-tools-for-stm32.11.3.rel1.linux64_1.1.0.202305231506/tools/bin/../lib/gcc/arm-none-eabi/11.3.1/thumb/v6-m/nofp/libgcc.a(_udivsi3.o)
 .debug_frame   0x0000000000002ed8       0x20 /opt/st/stm32cubeide_1.13.1/plugins/com.st.stm32cube.ide.mcu.externaltools.gnu-tools-for-stm32.11.3.rel1.linux64_1.1.0.202305231506/tools/bin/../lib/gcc/arm-none-eabi/11.3.1/thumb/v6-m/nofp/libgcc.a(_divsi3.o)

.debug_line_str
                0x0000000000000000       0x8d
 .debug_line_str
                0x0000000000000000       0x8d ./Core/Startup/startup_stm32g030f6px.o
                                         0xa5 (size before relaxing)
